# voxyz.space 克隆项目启动日志

## 项目信息
- **项目名称:** voxyz-clone
- **启动时间:** 2026-02-24 02:26
- **项目目标:** 克隆 https://voxyz.space 网站
- **负责人:** 小王（徒弟）

## 启动状态
✅ 主网站开发已暂停
✅ 网站分析文档已创建
✅ 实施计划已制定
✅ 项目目录结构已创建
✅ 文档目录已创建
✅ 日志目录已创建

## 技术栈选择
- **前端框架:** React 18 + TypeScript
- **构建工具:** Vite
- **样式方案:** Tailwind CSS
- **状态管理:** Zustand
- **动画库:** Framer Motion
- **实时通信:** Socket.io Client
- **部署平台:** Vercel

## 项目结构
```
voxyz-clone/
├── docs/                    # 项目文档
│   ├── voxyz_analysis.md           # 网站分析
│   ├── voxyz_clone_implementation.md # 实施计划
│   └── project_pause_record.md     # 暂停记录
├── logs/                    # 项目日志
│   └── project_start.log   # 启动日志
└── [待创建] src/           # 源代码目录
```

## 下一步行动
1. **立即开始:** 技术调研阶段 (Day 1-2)
2. **首要任务:** 分析 voxyz.space 网站结构
3. **关键输出:** 设计规范文档和像素角色设计稿

## 风险评估
- **技术风险:** 中等（实时通信和动画性能）
- **时间风险:** 低（15天计划包含缓冲）
- **资源风险:** 低（所需技术栈成熟稳定）

## 沟通计划
- **每日汇报:** 工作结束前向师傅汇报进度
- **关键节点:** 每个阶段完成时详细汇报
- **紧急情况:** 遇到技术阻塞立即报告

---
**项目状态:** 已启动，等待执行
**预计完成:** 15个工作日后
**最后更新:** 2026-02-24 02:26